EN triregister NULL /home/ivan/Dropbox/S3/backup-C3PU/TriRegister.vhd sub00/vhpl06 1376681536
AR registeroe behavioral /home/ivan/Dropbox/S3/backup-C3PU/RegisterOE.vhd sub00/vhpl09 1376681539
AR reg behavioral /home/ivan/Dropbox/S3/backup-C3PU/Reg.vhd sub00/vhpl05 1376681535
EN shf NULL /home/ivan/Dropbox/S3/backup-C3PU/shf.vhd sub00/vhpl14 1376681544
EN mc3pu NULL /home/ivan/Dropbox/S3/backup-C3PU/MC3PU.vhd sub00/vhpl22 1376681552
EN registeroe NULL /home/ivan/Dropbox/S3/backup-C3PU/RegisterOE.vhd sub00/vhpl08 1376681538
AR shf behavioral /home/ivan/Dropbox/S3/backup-C3PU/shf.vhd sub00/vhpl15 1376681545
PH c3pulib NULL /home/ivan/Dropbox/S3/backup-C3PU/C3PUlib.vhdl sub00/vhpl00 1376681530
AR triregister behavioral /home/ivan/Dropbox/S3/backup-C3PU/TriRegister.vhd sub00/vhpl07 1376681537
PB c3pulib c3pulib /home/ivan/Dropbox/S3/backup-C3PU/C3PUlib.vhdl sub00/vhpl01 1376681531
AR cpu_blackbox behavioral /home/ivan/Dropbox/S3/backup-C3PU/Cpu_blackbox.vhd sub00/vhpl19 1376681549
AR ram behavioral /home/ivan/Dropbox/S3/backup-C3PU/RAM.vhd sub00/vhpl21 1376681551
AR mc3pu behavioral /home/ivan/Dropbox/S3/backup-C3PU/MC3PU.vhd sub00/vhpl23 1376681553
EN controlunit NULL /home/ivan/Dropbox/S3/backup-C3PU/ControlUnit.vhd sub00/vhpl16 1376681546
AR alu behavioral /home/ivan/Dropbox/S3/backup-C3PU/ALU.vhd sub00/vhpl03 1376681533
EN registerarray NULL /home/ivan/Dropbox/S3/backup-C3PU/registerarray.vhd sub00/vhpl12 1376681542
EN cpu_blackbox NULL /home/ivan/Dropbox/S3/backup-C3PU/Cpu_blackbox.vhd sub00/vhpl18 1376681548
EN ram NULL /home/ivan/Dropbox/S3/backup-C3PU/RAM.vhd sub00/vhpl20 1376681550
EN comparator NULL /home/ivan/Dropbox/S3/backup-C3PU/comparator.vhd sub00/vhpl10 1376681540
EN reg NULL /home/ivan/Dropbox/S3/backup-C3PU/Reg.vhd sub00/vhpl04 1376681534
AR comparator behavioral /home/ivan/Dropbox/S3/backup-C3PU/comparator.vhd sub00/vhpl11 1376681541
AR controlunit behavioral /home/ivan/Dropbox/S3/backup-C3PU/ControlUnit.vhd sub00/vhpl17 1376681547
EN alu NULL /home/ivan/Dropbox/S3/backup-C3PU/ALU.vhd sub00/vhpl02 1376681532
AR registerarray behavioral /home/ivan/Dropbox/S3/backup-C3PU/registerarray.vhd sub00/vhpl13 1376681543
