V3 58
FL /home/ivan/Dropbox/S3/backup-C3PU/ALU.vhd 2013/08/15.23:21:04 P.68d
EN work/ALU 1376681532 FL /home/ivan/Dropbox/S3/backup-C3PU/ALU.vhd \
      PB ieee/std_logic_1164 1370735607 PB ieee/STD_LOGIC_UNSIGNED 1370735609
AR work/ALU/Behavioral 1376681533 \
      FL /home/ivan/Dropbox/S3/backup-C3PU/ALU.vhd EN work/ALU 1376681532
FL /home/ivan/Dropbox/S3/backup-C3PU/C3PUlib.vhdl 2013/08/16.12:26:58 P.68d
PH work/C3PUlib 1376681530 FL /home/ivan/Dropbox/S3/backup-C3PU/C3PUlib.vhdl \
      PB ieee/std_logic_1164 1370735607 PB ieee/std_logic_arith 1370735608
PB work/C3PUlib 1376681531 \
      FL /home/ivan/Dropbox/S3/backup-C3PU/C3PUlib.vhdl PH work/C3PUlib 1376681530
FL /home/ivan/Dropbox/S3/backup-C3PU/comparator.vhd 2013/08/10.12:40:32 P.68d
EN work/comparator 1376681540 FL /home/ivan/Dropbox/S3/backup-C3PU/comparator.vhd \
      PB ieee/std_logic_1164 1370735607
AR work/comparator/Behavioral 1376681541 \
      FL /home/ivan/Dropbox/S3/backup-C3PU/comparator.vhd EN work/comparator 1376681540
FL /home/ivan/Dropbox/S3/backup-C3PU/ControlUnit.vhd 2013/08/16.12:44:46 P.68d
EN work/ControlUnit 1376681546 \
      FL /home/ivan/Dropbox/S3/backup-C3PU/ControlUnit.vhd PB ieee/std_logic_1164 1370735607 \
      PB ieee/NUMERIC_STD 1370735611 PB ieee/STD_LOGIC_UNSIGNED 1370735609 \
      PB work/C3PUlib 1376681531
AR work/ControlUnit/Behavioral 1376681547 \
      FL /home/ivan/Dropbox/S3/backup-C3PU/ControlUnit.vhd EN work/ControlUnit 1376681546
FL /home/ivan/Dropbox/S3/backup-C3PU/Cpu_blackbox.vhd 2013/08/15.11:16:22 P.68d
EN work/Cpu_blackbox 1376681548 \
      FL /home/ivan/Dropbox/S3/backup-C3PU/Cpu_blackbox.vhd \
      PB ieee/std_logic_1164 1370735607
AR work/Cpu_blackbox/Behavioral 1376681549 \
      FL /home/ivan/Dropbox/S3/backup-C3PU/Cpu_blackbox.vhd EN work/Cpu_blackbox 1376681548 \
      CP ALU CP Reg CP TriRegister CP RegisterOE CP comparator CP registerarray CP shf \
      CP controlunit
FL /home/ivan/Dropbox/S3/backup-C3PU/MC3PU.vhd 2013/08/14.09:19:37 P.68d
EN work/MC3PU 1376681552 FL /home/ivan/Dropbox/S3/backup-C3PU/MC3PU.vhd \
      PB ieee/std_logic_1164 1370735607
AR work/MC3PU/Behavioral 1376681553 \
      FL /home/ivan/Dropbox/S3/backup-C3PU/MC3PU.vhd EN work/MC3PU 1376681552 \
      CP Cpu_blackbox CP RAM
FL /home/ivan/Dropbox/S3/backup-C3PU/RAM.vhd 2013/08/16.17:16:53 P.68d
EN work/RAM 1376681550 FL /home/ivan/Dropbox/S3/backup-C3PU/RAM.vhd \
      PB ieee/std_logic_1164 1370735607 PB ieee/STD_LOGIC_UNSIGNED 1370735609 \
      PB work/C3PUlib 1376681531
AR work/RAM/Behavioral 1376681551 \
      FL /home/ivan/Dropbox/S3/backup-C3PU/RAM.vhd EN work/RAM 1376681550
FL /home/ivan/Dropbox/S3/backup-C3PU/Reg.vhd 2013/08/15.01:07:37 P.68d
EN work/Reg 1376681534 FL /home/ivan/Dropbox/S3/backup-C3PU/Reg.vhd \
      PB ieee/std_logic_1164 1370735607
AR work/Reg/Behavioral 1376681535 \
      FL /home/ivan/Dropbox/S3/backup-C3PU/Reg.vhd EN work/Reg 1376681534
FL /home/ivan/Dropbox/S3/backup-C3PU/registerarray.vhd 2013/08/14.16:50:36 P.68d
EN work/registerarray 1376681542 \
      FL /home/ivan/Dropbox/S3/backup-C3PU/registerarray.vhd \
      PB ieee/std_logic_1164 1370735607 PB ieee/STD_LOGIC_UNSIGNED 1370735609
AR work/registerarray/Behavioral 1376681543 \
      FL /home/ivan/Dropbox/S3/backup-C3PU/registerarray.vhd \
      EN work/registerarray 1376681542
FL /home/ivan/Dropbox/S3/backup-C3PU/RegisterOE.vhd 2013/08/15.09:44:11 P.68d
EN work/RegisterOE 1376681538 FL /home/ivan/Dropbox/S3/backup-C3PU/RegisterOE.vhd \
      PB ieee/std_logic_1164 1370735607
AR work/RegisterOE/Behavioral 1376681539 \
      FL /home/ivan/Dropbox/S3/backup-C3PU/RegisterOE.vhd EN work/RegisterOE 1376681538
FL /home/ivan/Dropbox/S3/backup-C3PU/shf.vhd 2013/08/10.11:38:13 P.68d
EN work/shf 1376681544 FL /home/ivan/Dropbox/S3/backup-C3PU/shf.vhd \
      PB ieee/std_logic_1164 1370735607
AR work/shf/Behavioral 1376681545 \
      FL /home/ivan/Dropbox/S3/backup-C3PU/shf.vhd EN work/shf 1376681544
FL /home/ivan/Dropbox/S3/backup-C3PU/TriRegister.vhd 2013/08/15.03:03:04 P.68d
EN work/TriRegister 1376681536 \
      FL /home/ivan/Dropbox/S3/backup-C3PU/TriRegister.vhd PB ieee/std_logic_1164 1370735607
AR work/TriRegister/Behavioral 1376681537 \
      FL /home/ivan/Dropbox/S3/backup-C3PU/TriRegister.vhd EN work/TriRegister 1376681536
FL /home/ivan/Dropbox/S3/C3PU/ALU.vhd 2013/08/15.23:21:04 P.68d
FL /home/ivan/Dropbox/S3/C3PU/C3PUlib.vhdl 2013/08/15.23:04:00 P.68d
FL /home/ivan/Dropbox/S3/C3PU/comparator.vhd 2013/08/10.12:40:32 P.68d
FL /home/ivan/Dropbox/S3/C3PU/ControlUnit.vhd 2013/08/15.23:27:37 P.68d
FL /home/ivan/Dropbox/S3/C3PU/Cpu_blackbox.vhd 2013/08/15.11:16:22 P.68d
FL /home/ivan/Dropbox/S3/C3PU/MC3PU.vhd 2013/08/14.09:19:37 P.68d
FL /home/ivan/Dropbox/S3/C3PU/RAM.vhd 2013/08/16.00:51:55 P.68d
FL /home/ivan/Dropbox/S3/C3PU/Reg.vhd 2013/08/15.01:07:37 P.68d
FL /home/ivan/Dropbox/S3/C3PU/registerarray.vhd 2013/08/14.16:50:36 P.68d
FL /home/ivan/Dropbox/S3/C3PU/RegisterOE.vhd 2013/08/15.09:44:11 P.68d
FL /home/ivan/Dropbox/S3/C3PU/shf.vhd 2013/08/10.11:38:13 P.68d
FL /home/ivan/Dropbox/S3/C3PU/TriRegister.vhd 2013/08/15.03:03:04 P.68d
