EN triregister NULL /home/ivan/Dropbox/S3/C3PU/TriRegister.vhd sub00/vhpl06 1376667050
EN perco NULL /home/ivan/Dropbox/S3/C3PU/perco.vhd sub00/vhpl24 1376667066
AR registeroe behavioral /home/ivan/Dropbox/S3/C3PU/RegisterOE.vhd sub00/vhpl09 1376667053
AR perco rtl /home/ivan/Dropbox/S3/C3PU/perco.vhd sub00/vhpl25 1376667067
EN clockcontrol NULL /home/ivan/Dropbox/S3/C3PU/clockcontrol.vhd sub00/vhpl28 1376667062
EN ledcontroller NULL /home/ivan/Dropbox/S3/C3PU/ledcontroller.vhd sub00/vhpl26 1376667070
AR reg behavioral /home/ivan/Dropbox/S3/C3PU/Reg.vhd sub00/vhpl05 1376667049
EN shf NULL /home/ivan/Dropbox/S3/C3PU/shf.vhd sub00/vhpl14 1376667058
EN mc3pu NULL /home/ivan/Dropbox/S3/C3PU/MC3PU.vhd sub00/vhpl22 1376667072
EN registeroe NULL /home/ivan/Dropbox/S3/C3PU/RegisterOE.vhd sub00/vhpl08 1376667052
AR shf behavioral /home/ivan/Dropbox/S3/C3PU/shf.vhd sub00/vhpl15 1376667059
PH c3pulib NULL /home/ivan/Dropbox/S3/C3PU/C3PUlib.vhdl sub00/vhpl00 1376667044
AR ledcontroller behavioral /home/ivan/Dropbox/S3/C3PU/ledcontroller.vhd sub00/vhpl27 1376667071
AR triregister behavioral /home/ivan/Dropbox/S3/C3PU/TriRegister.vhd sub00/vhpl07 1376667051
PB c3pulib c3pulib /home/ivan/Dropbox/S3/C3PU/C3PUlib.vhdl sub00/vhpl01 1376667045
AR cpu_blackbox behavioral /home/ivan/Dropbox/S3/C3PU/Cpu_blackbox.vhd sub00/vhpl19 1376667065
AR ram behavioral /home/ivan/Dropbox/S3/C3PU/RAM.vhd sub00/vhpl21 1376667069
AR clockcontrol behavioral /home/ivan/Dropbox/S3/C3PU/clockcontrol.vhd sub00/vhpl29 1376667063
AR mc3pu behavioral /home/ivan/Dropbox/S3/C3PU/MC3PU.vhd sub00/vhpl23 1376667073
EN controlunit NULL /home/ivan/Dropbox/S3/C3PU/ControlUnit.vhd sub00/vhpl16 1376667060
AR alu behavioral /home/ivan/Dropbox/S3/C3PU/ALU.vhd sub00/vhpl03 1376667047
EN registerarray NULL /home/ivan/Dropbox/S3/C3PU/registerarray.vhd sub00/vhpl12 1376667056
EN cpu_blackbox NULL /home/ivan/Dropbox/S3/C3PU/Cpu_blackbox.vhd sub00/vhpl18 1376667064
EN ram NULL /home/ivan/Dropbox/S3/C3PU/RAM.vhd sub00/vhpl20 1376667068
EN comparator NULL /home/ivan/Dropbox/S3/C3PU/comparator.vhd sub00/vhpl10 1376667054
EN reg NULL /home/ivan/Dropbox/S3/C3PU/Reg.vhd sub00/vhpl04 1376667048
AR comparator behavioral /home/ivan/Dropbox/S3/C3PU/comparator.vhd sub00/vhpl11 1376667055
AR controlunit behavioral /home/ivan/Dropbox/S3/C3PU/ControlUnit.vhd sub00/vhpl17 1376667061
EN alu NULL /home/ivan/Dropbox/S3/C3PU/ALU.vhd sub00/vhpl02 1376667046
AR registerarray behavioral /home/ivan/Dropbox/S3/C3PU/registerarray.vhd sub00/vhpl13 1376667057
